// Jest Snapshot v1, https://goo.gl/fbAQLP

exports[`test shallow render of Sudoku Grid 1`] = `
<WithStyles(ForwardRef(Grid))
  className="grid"
  data-test="grid"
>
  <div
    className="grid-row"
    data-test="row-0"
    key="row0"
  >
    <SudokuCell
      cellID="cell-0/0"
      col={0}
      cursor={true}
      key="0"
      onClick={[Function]}
      row={0}
      selected={false}
      value={null}
    />
    <SudokuCell
      cellID="cell-0/1"
      col={1}
      cursor={false}
      key="1"
      onClick={[Function]}
      row={0}
      selected={false}
      value={null}
    />
    <SudokuCell
      cellID="cell-0/2"
      col={2}
      cursor={false}
      key="2"
      onClick={[Function]}
      row={0}
      selected={false}
      value={null}
    />
    <SudokuCell
      cellID="cell-0/3"
      col={3}
      cursor={false}
      key="3"
      onClick={[Function]}
      row={0}
      selected={false}
      value={null}
    />
    <SudokuCell
      cellID="cell-0/4"
      col={4}
      cursor={false}
      key="4"
      onClick={[Function]}
      row={0}
      selected={false}
      value={null}
    />
    <SudokuCell
      cellID="cell-0/5"
      col={5}
      cursor={false}
      key="5"
      onClick={[Function]}
      row={0}
      selected={false}
      value={null}
    />
    <SudokuCell
      cellID="cell-0/6"
      col={6}
      cursor={false}
      key="6"
      onClick={[Function]}
      row={0}
      selected={false}
      value={null}
    />
    <SudokuCell
      cellID="cell-0/7"
      col={7}
      cursor={false}
      key="7"
      onClick={[Function]}
      row={0}
      selected={false}
      value={null}
    />
    <SudokuCell
      cellID="cell-0/8"
      col={8}
      cursor={false}
      key="8"
      onClick={[Function]}
      row={0}
      selected={false}
      value={null}
    />
  </div>
  <div
    className="grid-row"
    data-test="row-1"
    key="row1"
  >
    <SudokuCell
      cellID="cell-1/0"
      col={0}
      cursor={false}
      key="9"
      onClick={[Function]}
      row={1}
      selected={false}
      value={null}
    />
    <SudokuCell
      cellID="cell-1/1"
      col={1}
      cursor={false}
      key="10"
      onClick={[Function]}
      row={1}
      selected={false}
      value={null}
    />
    <SudokuCell
      cellID="cell-1/2"
      col={2}
      cursor={false}
      key="11"
      onClick={[Function]}
      row={1}
      selected={false}
      value={null}
    />
    <SudokuCell
      cellID="cell-1/3"
      col={3}
      cursor={false}
      key="12"
      onClick={[Function]}
      row={1}
      selected={false}
      value={null}
    />
    <SudokuCell
      cellID="cell-1/4"
      col={4}
      cursor={false}
      key="13"
      onClick={[Function]}
      row={1}
      selected={false}
      value={null}
    />
    <SudokuCell
      cellID="cell-1/5"
      col={5}
      cursor={false}
      key="14"
      onClick={[Function]}
      row={1}
      selected={false}
      value={null}
    />
    <SudokuCell
      cellID="cell-1/6"
      col={6}
      cursor={false}
      key="15"
      onClick={[Function]}
      row={1}
      selected={false}
      value={null}
    />
    <SudokuCell
      cellID="cell-1/7"
      col={7}
      cursor={false}
      key="16"
      onClick={[Function]}
      row={1}
      selected={false}
      value={null}
    />
    <SudokuCell
      cellID="cell-1/8"
      col={8}
      cursor={false}
      key="17"
      onClick={[Function]}
      row={1}
      selected={false}
      value={null}
    />
  </div>
  <div
    className="grid-row"
    data-test="row-2"
    key="row2"
  >
    <SudokuCell
      cellID="cell-2/0"
      col={0}
      cursor={false}
      key="18"
      onClick={[Function]}
      row={2}
      selected={false}
      value={null}
    />
    <SudokuCell
      cellID="cell-2/1"
      col={1}
      cursor={false}
      key="19"
      onClick={[Function]}
      row={2}
      selected={false}
      value={null}
    />
    <SudokuCell
      cellID="cell-2/2"
      col={2}
      cursor={false}
      key="20"
      onClick={[Function]}
      row={2}
      selected={false}
      value={null}
    />
    <SudokuCell
      cellID="cell-2/3"
      col={3}
      cursor={false}
      key="21"
      onClick={[Function]}
      row={2}
      selected={false}
      value={null}
    />
    <SudokuCell
      cellID="cell-2/4"
      col={4}
      cursor={false}
      key="22"
      onClick={[Function]}
      row={2}
      selected={false}
      value={null}
    />
    <SudokuCell
      cellID="cell-2/5"
      col={5}
      cursor={false}
      key="23"
      onClick={[Function]}
      row={2}
      selected={false}
      value={null}
    />
    <SudokuCell
      cellID="cell-2/6"
      col={6}
      cursor={false}
      key="24"
      onClick={[Function]}
      row={2}
      selected={false}
      value={null}
    />
    <SudokuCell
      cellID="cell-2/7"
      col={7}
      cursor={false}
      key="25"
      onClick={[Function]}
      row={2}
      selected={false}
      value={null}
    />
    <SudokuCell
      cellID="cell-2/8"
      col={8}
      cursor={false}
      key="26"
      onClick={[Function]}
      row={2}
      selected={false}
      value={null}
    />
  </div>
  <div
    className="grid-row"
    data-test="row-3"
    key="row3"
  >
    <SudokuCell
      cellID="cell-3/0"
      col={0}
      cursor={false}
      key="27"
      onClick={[Function]}
      row={3}
      selected={false}
      value={null}
    />
    <SudokuCell
      cellID="cell-3/1"
      col={1}
      cursor={false}
      key="28"
      onClick={[Function]}
      row={3}
      selected={false}
      value={null}
    />
    <SudokuCell
      cellID="cell-3/2"
      col={2}
      cursor={false}
      key="29"
      onClick={[Function]}
      row={3}
      selected={false}
      value={null}
    />
    <SudokuCell
      cellID="cell-3/3"
      col={3}
      cursor={false}
      key="30"
      onClick={[Function]}
      row={3}
      selected={false}
      value={null}
    />
    <SudokuCell
      cellID="cell-3/4"
      col={4}
      cursor={false}
      key="31"
      onClick={[Function]}
      row={3}
      selected={false}
      value={null}
    />
    <SudokuCell
      cellID="cell-3/5"
      col={5}
      cursor={false}
      key="32"
      onClick={[Function]}
      row={3}
      selected={false}
      value={null}
    />
    <SudokuCell
      cellID="cell-3/6"
      col={6}
      cursor={false}
      key="33"
      onClick={[Function]}
      row={3}
      selected={false}
      value={null}
    />
    <SudokuCell
      cellID="cell-3/7"
      col={7}
      cursor={false}
      key="34"
      onClick={[Function]}
      row={3}
      selected={false}
      value={null}
    />
    <SudokuCell
      cellID="cell-3/8"
      col={8}
      cursor={false}
      key="35"
      onClick={[Function]}
      row={3}
      selected={false}
      value={null}
    />
  </div>
  <div
    className="grid-row"
    data-test="row-4"
    key="row4"
  >
    <SudokuCell
      cellID="cell-4/0"
      col={0}
      cursor={false}
      key="36"
      onClick={[Function]}
      row={4}
      selected={false}
      value={null}
    />
    <SudokuCell
      cellID="cell-4/1"
      col={1}
      cursor={false}
      key="37"
      onClick={[Function]}
      row={4}
      selected={false}
      value={null}
    />
    <SudokuCell
      cellID="cell-4/2"
      col={2}
      cursor={false}
      key="38"
      onClick={[Function]}
      row={4}
      selected={false}
      value={null}
    />
    <SudokuCell
      cellID="cell-4/3"
      col={3}
      cursor={false}
      key="39"
      onClick={[Function]}
      row={4}
      selected={false}
      value={null}
    />
    <SudokuCell
      cellID="cell-4/4"
      col={4}
      cursor={false}
      key="40"
      onClick={[Function]}
      row={4}
      selected={false}
      value={null}
    />
    <SudokuCell
      cellID="cell-4/5"
      col={5}
      cursor={false}
      key="41"
      onClick={[Function]}
      row={4}
      selected={false}
      value={null}
    />
    <SudokuCell
      cellID="cell-4/6"
      col={6}
      cursor={false}
      key="42"
      onClick={[Function]}
      row={4}
      selected={false}
      value={null}
    />
    <SudokuCell
      cellID="cell-4/7"
      col={7}
      cursor={false}
      key="43"
      onClick={[Function]}
      row={4}
      selected={false}
      value={null}
    />
    <SudokuCell
      cellID="cell-4/8"
      col={8}
      cursor={false}
      key="44"
      onClick={[Function]}
      row={4}
      selected={false}
      value={null}
    />
  </div>
  <div
    className="grid-row"
    data-test="row-5"
    key="row5"
  >
    <SudokuCell
      cellID="cell-5/0"
      col={0}
      cursor={false}
      key="45"
      onClick={[Function]}
      row={5}
      selected={false}
      value={null}
    />
    <SudokuCell
      cellID="cell-5/1"
      col={1}
      cursor={false}
      key="46"
      onClick={[Function]}
      row={5}
      selected={false}
      value={null}
    />
    <SudokuCell
      cellID="cell-5/2"
      col={2}
      cursor={false}
      key="47"
      onClick={[Function]}
      row={5}
      selected={false}
      value={null}
    />
    <SudokuCell
      cellID="cell-5/3"
      col={3}
      cursor={false}
      key="48"
      onClick={[Function]}
      row={5}
      selected={false}
      value={null}
    />
    <SudokuCell
      cellID="cell-5/4"
      col={4}
      cursor={false}
      key="49"
      onClick={[Function]}
      row={5}
      selected={false}
      value={null}
    />
    <SudokuCell
      cellID="cell-5/5"
      col={5}
      cursor={false}
      key="50"
      onClick={[Function]}
      row={5}
      selected={false}
      value={null}
    />
    <SudokuCell
      cellID="cell-5/6"
      col={6}
      cursor={false}
      key="51"
      onClick={[Function]}
      row={5}
      selected={false}
      value={null}
    />
    <SudokuCell
      cellID="cell-5/7"
      col={7}
      cursor={false}
      key="52"
      onClick={[Function]}
      row={5}
      selected={false}
      value={null}
    />
    <SudokuCell
      cellID="cell-5/8"
      col={8}
      cursor={false}
      key="53"
      onClick={[Function]}
      row={5}
      selected={false}
      value={null}
    />
  </div>
  <div
    className="grid-row"
    data-test="row-6"
    key="row6"
  >
    <SudokuCell
      cellID="cell-6/0"
      col={0}
      cursor={false}
      key="54"
      onClick={[Function]}
      row={6}
      selected={false}
      value={null}
    />
    <SudokuCell
      cellID="cell-6/1"
      col={1}
      cursor={false}
      key="55"
      onClick={[Function]}
      row={6}
      selected={false}
      value={null}
    />
    <SudokuCell
      cellID="cell-6/2"
      col={2}
      cursor={false}
      key="56"
      onClick={[Function]}
      row={6}
      selected={false}
      value={null}
    />
    <SudokuCell
      cellID="cell-6/3"
      col={3}
      cursor={false}
      key="57"
      onClick={[Function]}
      row={6}
      selected={false}
      value={null}
    />
    <SudokuCell
      cellID="cell-6/4"
      col={4}
      cursor={false}
      key="58"
      onClick={[Function]}
      row={6}
      selected={false}
      value={null}
    />
    <SudokuCell
      cellID="cell-6/5"
      col={5}
      cursor={false}
      key="59"
      onClick={[Function]}
      row={6}
      selected={false}
      value={null}
    />
    <SudokuCell
      cellID="cell-6/6"
      col={6}
      cursor={false}
      key="60"
      onClick={[Function]}
      row={6}
      selected={false}
      value={null}
    />
    <SudokuCell
      cellID="cell-6/7"
      col={7}
      cursor={false}
      key="61"
      onClick={[Function]}
      row={6}
      selected={false}
      value={null}
    />
    <SudokuCell
      cellID="cell-6/8"
      col={8}
      cursor={false}
      key="62"
      onClick={[Function]}
      row={6}
      selected={false}
      value={null}
    />
  </div>
  <div
    className="grid-row"
    data-test="row-7"
    key="row7"
  >
    <SudokuCell
      cellID="cell-7/0"
      col={0}
      cursor={false}
      key="63"
      onClick={[Function]}
      row={7}
      selected={false}
      value={null}
    />
    <SudokuCell
      cellID="cell-7/1"
      col={1}
      cursor={false}
      key="64"
      onClick={[Function]}
      row={7}
      selected={false}
      value={null}
    />
    <SudokuCell
      cellID="cell-7/2"
      col={2}
      cursor={false}
      key="65"
      onClick={[Function]}
      row={7}
      selected={false}
      value={null}
    />
    <SudokuCell
      cellID="cell-7/3"
      col={3}
      cursor={false}
      key="66"
      onClick={[Function]}
      row={7}
      selected={false}
      value={null}
    />
    <SudokuCell
      cellID="cell-7/4"
      col={4}
      cursor={false}
      key="67"
      onClick={[Function]}
      row={7}
      selected={false}
      value={null}
    />
    <SudokuCell
      cellID="cell-7/5"
      col={5}
      cursor={false}
      key="68"
      onClick={[Function]}
      row={7}
      selected={false}
      value={null}
    />
    <SudokuCell
      cellID="cell-7/6"
      col={6}
      cursor={false}
      key="69"
      onClick={[Function]}
      row={7}
      selected={false}
      value={null}
    />
    <SudokuCell
      cellID="cell-7/7"
      col={7}
      cursor={false}
      key="70"
      onClick={[Function]}
      row={7}
      selected={false}
      value={null}
    />
    <SudokuCell
      cellID="cell-7/8"
      col={8}
      cursor={false}
      key="71"
      onClick={[Function]}
      row={7}
      selected={false}
      value={null}
    />
  </div>
  <div
    className="grid-row"
    data-test="row-8"
    key="row8"
  >
    <SudokuCell
      cellID="cell-8/0"
      col={0}
      cursor={false}
      key="72"
      onClick={[Function]}
      row={8}
      selected={false}
      value={null}
    />
    <SudokuCell
      cellID="cell-8/1"
      col={1}
      cursor={false}
      key="73"
      onClick={[Function]}
      row={8}
      selected={false}
      value={null}
    />
    <SudokuCell
      cellID="cell-8/2"
      col={2}
      cursor={false}
      key="74"
      onClick={[Function]}
      row={8}
      selected={false}
      value={null}
    />
    <SudokuCell
      cellID="cell-8/3"
      col={3}
      cursor={false}
      key="75"
      onClick={[Function]}
      row={8}
      selected={false}
      value={null}
    />
    <SudokuCell
      cellID="cell-8/4"
      col={4}
      cursor={false}
      key="76"
      onClick={[Function]}
      row={8}
      selected={false}
      value={null}
    />
    <SudokuCell
      cellID="cell-8/5"
      col={5}
      cursor={false}
      key="77"
      onClick={[Function]}
      row={8}
      selected={false}
      value={null}
    />
    <SudokuCell
      cellID="cell-8/6"
      col={6}
      cursor={false}
      key="78"
      onClick={[Function]}
      row={8}
      selected={false}
      value={null}
    />
    <SudokuCell
      cellID="cell-8/7"
      col={7}
      cursor={false}
      key="79"
      onClick={[Function]}
      row={8}
      selected={false}
      value={null}
    />
    <SudokuCell
      cellID="cell-8/8"
      col={8}
      cursor={false}
      key="80"
      onClick={[Function]}
      row={8}
      selected={false}
      value={null}
    />
  </div>
</WithStyles(ForwardRef(Grid))>
`;
