// Jest Snapshot v1, https://goo.gl/fbAQLP

exports[`Storyshots Cell Empty 1`] = `
<button
  className="cell"
  onClick={[Function]}
/>
`;
